// Jest Snapshot v1, https://goo.gl/fbAQLP

exports[`Products Screen renders correctly when component is Fetching Data 1`] = `
<ActivityIndicator
  animating={true}
  color="#999999"
  hidesWhenStopped={true}
  size="large"
  style={
    Object {
      "alignSelf": "center",
      "flex": 1,
    }
  }
/>
`;

exports[`Products Screen renders correctly when component is throwing Error 1`] = `
<View
  style={
    Object {
      "alignItems": "center",
      "flex": 1,
      "justifyContent": "center",
    }
  }
>
  <Text
    style={
      Object {
        "color": "red",
      }
    }
  >
    unknown error
  </Text>
</View>
`;

exports[`Products Screen renders correctly when component recieves the data 1`] = `
<SafeAreaView>
  <_default
    data={
      Array [
        Object {
          "base_currency": "EOS",
          "base_increment": "0.10000000",
          "base_max_size": "5000.00000000",
          "base_min_size": "0.10000000",
          "cancel_only": false,
          "display_name": "EOS/BTC",
          "id": "EOS-BTC",
          "limit_only": true,
          "margin_enabled": false,
          "max_market_funds": "30",
          "min_market_funds": "0.001",
          "post_only": false,
          "quote_currency": "BTC",
          "quote_increment": "0.00000100",
          "status": "online",
          "status_message": "",
        },
      ]
    }
    onItemPressed={[Function]}
  />
</SafeAreaView>
`;
