// Jest Snapshot v1, https://goo.gl/fbAQLP

exports[`Products List renders correctly 1`] = `
<FlatList
  data={
    Array [
      Object {
        "base_currency": "EOS",
        "base_increment": "0.10000000",
        "base_max_size": "5000.00000000",
        "base_min_size": "0.10000000",
        "cancel_only": false,
        "display_name": "EOS/BTC",
        "id": "EOS-BTC",
        "limit_only": true,
        "margin_enabled": false,
        "max_market_funds": "30",
        "min_market_funds": "0.001",
        "post_only": false,
        "quote_currency": "BTC",
        "quote_increment": "0.00000100",
        "status": "online",
        "status_message": "",
      },
    ]
  }
  disableVirtualization={false}
  getItemLayout={[Function]}
  horizontal={false}
  initialNumToRender={18}
  keyExtractor={[Function]}
  maxToRenderPerBatch={10}
  numColumns={1}
  onEndReachedThreshold={2}
  removeClippedSubviews={false}
  renderItem={[Function]}
  scrollEventThrottle={50}
  updateCellsBatchingPeriod={50}
  windowSize={21}
/>
`;
